// Jest Snapshot v1, https://goo.gl/fbAQLP

exports[`should render individual expense item 1`] = `
<div>
  <Link
    replace={false}
    to="/edit/345"
  >
    <h4>
      rent
    </h4>
  </Link>
  <p>
    109500
     - 
    -345600000
  </p>
</div>
`;
