// Jest Snapshot v1, https://goo.gl/fbAQLP

exports[`should render expense list with empty expenses 1`] = `
<div>
  <p>
    No Expenses
  </p>
</div>
`;

exports[`should render expense list with expenses 1`] = `
<div>
  <ExpenseListItem
    amount={12333}
    createdAt={0}
    description="Gum"
    id="123"
    key="123"
    note=""
  />
  <ExpenseListItem
    amount={109500}
    createdAt={-345600000}
    description="rent"
    id="345"
    key="345"
    note=""
  />
  <ExpenseListItem
    amount={4500}
    createdAt={345600000}
    description="card"
    id="678"
    key="678"
    note=""
  />
</div>
`;
